SQL> PROMPT === CREAZIONE SCHEMA ===
=== CREAZIONE SCHEMA ===
SQL> @sql/01_schema.sql
SQL> -- ============================================================
SQL> -- Project Work L-31
SQL> -- STEP 7 - Implementazione Oracle SQL
SQL> -- Modello dati canonico V2
SQL> -- File: 01_schema.sql
SQL> --
SQL> -- VALIDAZIONE: statica e logico-referenziale.
SQL> -- NON risulta eseguito su un'istanza Oracle in questa fase.
SQL> -- ============================================================
SQL> 
SQL> -- Le chiavi surrogate utilizzano GENERATED BY DEFAULT AS IDENTITY.
SQL> -- START WITH 1000 evita collisioni con il dataset dimostrativo,
SQL> -- che nello Step 8 utilizzerà ID espliciti nell'intervallo basso.
SQL> 
SQL> -- ORGANIZZAZIONI: anagrafica dell'organizzazione del caso di studio.
SQL> -- PK: id_organizzazione. FK: nessuna. Vincoli principali: nome obbligatorio.
SQL> CREATE TABLE organizzazioni (
  2      id_organizzazione   NUMBER(10) GENERATED BY DEFAULT AS IDENTITY (START WITH 1000),
  3      nome_organizzazione VARCHAR2(150) NOT NULL,
  4  
  5      CONSTRAINT pk_organizzazioni
  6          PRIMARY KEY (id_organizzazione)
  7  );

Table ORGANIZZAZIONI created.

SQL> 
SQL> -- FORNITORI: anagrafica dei fornitori esterni.
SQL> -- PK: id_fornitore. FK: nessuna. Vincoli principali: nome obbligatorio.
SQL> CREATE TABLE fornitori (
  2      id_fornitore   NUMBER(10) GENERATED BY DEFAULT AS IDENTITY (START WITH 1000),
  3      nome_fornitore VARCHAR2(150) NOT NULL,
  4  
  5      CONSTRAINT pk_fornitori
  6          PRIMARY KEY (id_fornitore)
  7  );

Table FORNITORI created.

SQL> 
SQL> -- ASSET: censimento degli asset dell'organizzazione.
SQL> -- PK: id_asset. FK: id_organizzazione. Vincoli: criticita e stato nei domini canonici.
SQL> CREATE TABLE asset (
  2      id_asset          NUMBER(10) GENERATED BY DEFAULT AS IDENTITY (START WITH 1000),
  3      id_organizzazione NUMBER(10) NOT NULL,
  4      nome_asset        VARCHAR2(150) NOT NULL,
  5      tipo_asset        VARCHAR2(80) NOT NULL,
  6      criticita         VARCHAR2(10) NOT NULL,
  7      stato             VARCHAR2(10) NOT NULL,
  8  
  9      CONSTRAINT pk_asset
 10          PRIMARY KEY (id_asset),
 11  
 12      CONSTRAINT fk_asset_organizzazione
 13          FOREIGN KEY (id_organizzazione)
 14          REFERENCES organizzazioni (id_organizzazione),
 15  
 16      CONSTRAINT ck_asset_criticita
 17          CHECK (criticita IN ('BASSA', 'MEDIA', 'ALTA', 'CRITICA')),
 18  
 19      CONSTRAINT ck_asset_stato
 20          CHECK (stato IN ('ATTIVO', 'INATTIVO', 'DISMESSO'))
 21  );

Table ASSET created.

SQL> 
SQL> -- SERVIZI: censimento dei servizi erogati.
SQL> -- PK: id_servizio. FK: id_organizzazione. Vincolo: criticita nel dominio canonico.
SQL> CREATE TABLE servizi (
  2      id_servizio       NUMBER(10) GENERATED BY DEFAULT AS IDENTITY (START WITH 1000),
  3      id_organizzazione NUMBER(10) NOT NULL,
  4      nome_servizio     VARCHAR2(150) NOT NULL,
  5      criticita         VARCHAR2(10) NOT NULL,
  6  
  7      CONSTRAINT pk_servizi
  8          PRIMARY KEY (id_servizio),
  9  
 10      CONSTRAINT fk_servizi_organizzazione
 11          FOREIGN KEY (id_organizzazione)
 12          REFERENCES organizzazioni (id_organizzazione),
 13  
 14      CONSTRAINT ck_servizi_criticita
 15          CHECK (criticita IN ('BASSA', 'MEDIA', 'ALTA', 'CRITICA'))
 16  );

Table SERVIZI created.

SQL> 
SQL> -- RESPONSABILI: persone con responsabilita organizzativa o tecnica.
SQL> -- PK: id_responsabile. FK: id_organizzazione. Nome, cognome e ruolo obbligatori.
SQL> CREATE TABLE responsabili (
  2      id_responsabile   NUMBER(10) GENERATED BY DEFAULT AS IDENTITY (START WITH 1000),
  3      id_organizzazione NUMBER(10) NOT NULL,
  4      nome              VARCHAR2(80) NOT NULL,
  5      cognome           VARCHAR2(80) NOT NULL,
  6      ruolo             VARCHAR2(120) NOT NULL,
  7  
  8      CONSTRAINT pk_responsabili
  9          PRIMARY KEY (id_responsabile),
 10  
 11      CONSTRAINT fk_resp_organizzazione
 12          FOREIGN KEY (id_organizzazione)
 13          REFERENCES organizzazioni (id_organizzazione)
 14  );

Table RESPONSABILI created.

SQL> 
SQL> -- PUNTI_CONTATTO: recapiti associati a un responsabile e a una funzione.
SQL> -- PK: id_punto_contatto. FK: id_responsabile.
SQL> -- Vincoli: priorita positiva, unicita responsabile/funzione/priorita, almeno un recapito.
SQL> CREATE TABLE punti_contatto (
  2      id_punto_contatto NUMBER(10) GENERATED BY DEFAULT AS IDENTITY (START WITH 1000),
  3      id_responsabile   NUMBER(10) NOT NULL,
  4      funzione          VARCHAR2(120) NOT NULL,
  5      priorita_contatto NUMBER(2) NOT NULL,
  6      email             VARCHAR2(150),
  7      telefono          VARCHAR2(30),
  8  
  9      CONSTRAINT pk_punti_contatto
 10          PRIMARY KEY (id_punto_contatto),
 11  
 12      CONSTRAINT fk_pcont_responsabile
 13          FOREIGN KEY (id_responsabile)
 14          REFERENCES responsabili (id_responsabile),
 15  
 16      CONSTRAINT uq_pcont_resp_fun_prio
 17          UNIQUE (id_responsabile, funzione, priorita_contatto),
 18  
 19      CONSTRAINT ck_pcont_priorita
 20          CHECK (priorita_contatto > 0),
 21  
 22      CONSTRAINT ck_pcont_recapito
 23          CHECK (email IS NOT NULL OR telefono IS NOT NULL)
 24  );

Table PUNTI_CONTATTO created.

SQL> 
SQL> -- ASSET_SERVIZI: tabella associativa N:M tra asset e servizi.
SQL> -- PK composta/FK: id_asset, id_servizio.
SQL> CREATE TABLE asset_servizi (
  2      id_asset    NUMBER(10) NOT NULL,
  3      id_servizio NUMBER(10) NOT NULL,
  4  
  5      CONSTRAINT pk_asset_servizi
  6          PRIMARY KEY (id_asset, id_servizio),
  7  
  8      CONSTRAINT fk_aserv_asset
  9          FOREIGN KEY (id_asset)
 10          REFERENCES asset (id_asset),
 11  
 12      CONSTRAINT fk_aserv_servizio
 13          FOREIGN KEY (id_servizio)
 14          REFERENCES servizi (id_servizio)
 15  );

Table ASSET_SERVIZI created.

SQL> 
SQL> -- SERVIZI_FORNITORI: dipendenza di un servizio da un fornitore esterno.
SQL> -- PK composta: id_servizio, id_fornitore. Entrambe FK.
SQL> -- Vincolo: criticita_dipendenza nel dominio canonico.
SQL> CREATE TABLE servizi_fornitori (
  2      id_servizio          NUMBER(10) NOT NULL,
  3      id_fornitore         NUMBER(10) NOT NULL,
  4      tipo_dipendenza      VARCHAR2(100) NOT NULL,
  5      criticita_dipendenza VARCHAR2(10) NOT NULL,
  6      descrizione          VARCHAR2(500),
  7  
  8      CONSTRAINT pk_servizi_fornitori
  9          PRIMARY KEY (id_servizio, id_fornitore),
 10  
 11      CONSTRAINT fk_sforn_servizio
 12          FOREIGN KEY (id_servizio)
 13          REFERENCES servizi (id_servizio),
 14  
 15      CONSTRAINT fk_sforn_fornitore
 16          FOREIGN KEY (id_fornitore)
 17          REFERENCES fornitori (id_fornitore),
 18  
 19      CONSTRAINT ck_sforn_criticita
 20          CHECK (criticita_dipendenza IN ('BASSA', 'MEDIA', 'ALTA', 'CRITICA'))
 21  );

Table SERVIZI_FORNITORI created.

SQL> 
SQL> -- ASSET_RESPONSABILI: tabella associativa N:M tra asset e responsabili.
SQL> -- PK composta/FK: id_asset, id_responsabile.
SQL> CREATE TABLE asset_responsabili (
  2      id_asset        NUMBER(10) NOT NULL,
  3      id_responsabile NUMBER(10) NOT NULL,
  4  
  5      CONSTRAINT pk_asset_responsabili
  6          PRIMARY KEY (id_asset, id_responsabile),
  7  
  8      CONSTRAINT fk_aresp_asset
  9          FOREIGN KEY (id_asset)
 10          REFERENCES asset (id_asset),
 11  
 12      CONSTRAINT fk_aresp_responsabile
 13          FOREIGN KEY (id_responsabile)
 14          REFERENCES responsabili (id_responsabile)
 15  );

Table ASSET_RESPONSABILI created.

SQL> 
SQL> -- SERVIZI_RESPONSABILI: tabella associativa N:M tra servizi e responsabili.
SQL> -- PK composta/FK: id_servizio, id_responsabile.
SQL> CREATE TABLE servizi_responsabili (
  2      id_servizio     NUMBER(10) NOT NULL,
  3      id_responsabile NUMBER(10) NOT NULL,
  4  
  5      CONSTRAINT pk_servizi_responsabili
  6          PRIMARY KEY (id_servizio, id_responsabile),
  7  
  8      CONSTRAINT fk_sresp_servizio
  9          FOREIGN KEY (id_servizio)
 10          REFERENCES servizi (id_servizio),
 11  
 12      CONSTRAINT fk_sresp_responsabile
 13          FOREIGN KEY (id_responsabile)
 14          REFERENCES responsabili (id_responsabile)
 15  );

Table SERVIZI_RESPONSABILI created.

SQL> 
SQL> -- DIPENDENZE: dipendenze tecniche asset->asset.
SQL> -- PK: id_dipendenza. FK: id_asset_origine e id_asset_richiesto.
SQL> -- Vincoli: niente auto-dipendenze e unicita della coppia origine/richiesto.
SQL> CREATE TABLE dipendenze (
  2      id_dipendenza      NUMBER(10) GENERATED BY DEFAULT AS IDENTITY (START WITH 1000),
  3      id_asset_origine   NUMBER(10) NOT NULL,
  4      id_asset_richiesto NUMBER(10) NOT NULL,
  5      tipo_dipendenza    VARCHAR2(100) NOT NULL,
  6      descrizione        VARCHAR2(500),
  7  
  8      CONSTRAINT pk_dipendenze
  9          PRIMARY KEY (id_dipendenza),
 10  
 11      CONSTRAINT fk_dip_origine
 12          FOREIGN KEY (id_asset_origine)
 13          REFERENCES asset (id_asset),
 14  
 15      CONSTRAINT fk_dip_richiesto
 16          FOREIGN KEY (id_asset_richiesto)
 17          REFERENCES asset (id_asset),
 18  
 19      CONSTRAINT uq_dip_orig_req
 20          UNIQUE (id_asset_origine, id_asset_richiesto),
 21  
 22      CONSTRAINT ck_dip_no_self
 23          CHECK (id_asset_origine <> id_asset_richiesto)
 24  );

Table DIPENDENZE created.

SQL> 
SQL> -- STORICO_ASSET: snapshot versionati degli asset.
SQL> -- PK: id_storico_asset. FK: id_asset.
SQL> -- Vincoli: versione positiva/univoca, date coerenti, domini criticita e stato.
SQL> CREATE TABLE storico_asset (
  2      id_storico_asset     NUMBER(10) GENERATED BY DEFAULT AS IDENTITY (START WITH 1000),
  3      id_asset             NUMBER(10) NOT NULL,
  4      numero_versione      NUMBER(10) NOT NULL,
  5      data_inizio_validita DATE NOT NULL,
  6      data_fine_validita   DATE,
  7      nome_asset           VARCHAR2(150) NOT NULL,
  8      tipo_asset           VARCHAR2(80) NOT NULL,
  9      criticita            VARCHAR2(10) NOT NULL,
 10      stato                VARCHAR2(10) NOT NULL,
 11      tipo_modifica        VARCHAR2(50) NOT NULL,
 12      descrizione_modifica VARCHAR2(500),
 13  
 14      CONSTRAINT pk_storico_asset
 15          PRIMARY KEY (id_storico_asset),
 16  
 17      CONSTRAINT fk_stasset_asset
 18          FOREIGN KEY (id_asset)
 19          REFERENCES asset (id_asset),
 20  
 21      CONSTRAINT uq_stasset_ver
 22          UNIQUE (id_asset, numero_versione),
 23  
 24      CONSTRAINT ck_stasset_ver
 25          CHECK (numero_versione > 0),
 26  
 27      CONSTRAINT ck_stasset_date
 28          CHECK (
 29              data_fine_validita IS NULL
 30              OR data_fine_validita >= data_inizio_validita
 31          ),
 32  
 33      CONSTRAINT ck_stasset_crit
 34          CHECK (criticita IN ('BASSA', 'MEDIA', 'ALTA', 'CRITICA')),
 35  
 36      CONSTRAINT ck_stasset_stato
 37          CHECK (stato IN ('ATTIVO', 'INATTIVO', 'DISMESSO'))
 38  );

Table STORICO_ASSET created.

SQL> 
SQL> -- STORICO_SERVIZI: snapshot versionati dei servizi.
SQL> -- PK: id_storico_servizio. FK: id_servizio.
SQL> -- Vincoli: versione positiva/univoca, date coerenti, dominio criticita.
SQL> CREATE TABLE storico_servizi (
  2      id_storico_servizio   NUMBER(10) GENERATED BY DEFAULT AS IDENTITY (START WITH 1000),
  3      id_servizio           NUMBER(10) NOT NULL,
  4      numero_versione       NUMBER(10) NOT NULL,
  5      data_inizio_validita  DATE NOT NULL,
  6      data_fine_validita    DATE,
  7      nome_servizio         VARCHAR2(150) NOT NULL,
  8      criticita             VARCHAR2(10) NOT NULL,
  9      tipo_modifica         VARCHAR2(50) NOT NULL,
 10      descrizione_modifica  VARCHAR2(500),
 11  
 12      CONSTRAINT pk_storico_servizi
 13          PRIMARY KEY (id_storico_servizio),
 14  
 15      CONSTRAINT fk_stserv_servizio
 16          FOREIGN KEY (id_servizio)
 17          REFERENCES servizi (id_servizio),
 18  
 19      CONSTRAINT uq_stserv_ver
 20          UNIQUE (id_servizio, numero_versione),
 21  
 22      CONSTRAINT ck_stserv_ver
 23          CHECK (numero_versione > 0),
 24  
 25      CONSTRAINT ck_stserv_date
 26          CHECK (
 27              data_fine_validita IS NULL
 28              OR data_fine_validita >= data_inizio_validita
 29          ),
 30  
 31      CONSTRAINT ck_stserv_crit
 32          CHECK (criticita IN ('BASSA', 'MEDIA', 'ALTA', 'CRITICA'))
 33  );

Table STORICO_SERVIZI created.

SQL> PROMPT === CREAZIONE INDICI ===
=== CREAZIONE INDICI ===
SQL> @sql/02_indexes.sql
SQL> -- ============================================================
SQL> -- Project Work L-31
SQL> -- STEP 7 - Indici Oracle aggiuntivi
SQL> -- Modello dati canonico V2
SQL> -- File: 02_indexes.sql
SQL> --
SQL> -- Contiene esclusivamente indici NON già coperti da PK/UNIQUE.
SQL> -- VALIDAZIONE: statica e logico-referenziale.
SQL> -- NON risulta eseguito su un'istanza Oracle in questa fase.
SQL> -- ============================================================
SQL> 
SQL> -- TRADE-OFF GENERALE:
SQL> -- Gli indici aggiuntivi possono velocizzare JOIN e ricerche coerenti con le query previste,
SQL> -- ma aumentano spazio occupato e costo di INSERT/UPDATE/DELETE.
SQL> -- Per questo il progetto mantiene soltanto tre indici aggiuntivi realmente motivati.
SQL> 
SQL> -- Q6: partendo da un servizio, facilita il recupero degli asset associati.
SQL> -- La PK di asset_servizi è (id_asset, id_servizio), quindi non ha
SQL> -- id_servizio come colonna iniziale.
SQL> CREATE INDEX idx_asset_servizi_servizio
  2      ON asset_servizi (id_servizio);

Index IDX_ASSET_SERVIZI_SERVIZIO created.

SQL> 
SQL> -- Q4/Q5: partendo da un responsabile, facilita il recupero degli asset
SQL> -- di competenza. La PK è (id_asset, id_responsabile).
SQL> CREATE INDEX idx_asset_resp_responsabile
  2      ON asset_responsabili (id_responsabile);

Index IDX_ASSET_RESP_RESPONSABILE created.

SQL> 
SQL> -- Q4/Q5: partendo da un responsabile, facilita il recupero dei servizi
SQL> -- di competenza. La PK è (id_servizio, id_responsabile).
SQL> CREATE INDEX idx_servizi_resp_responsabile
  2      ON servizi_responsabili (id_responsabile);

Index IDX_SERVIZI_RESP_RESPONSABILE created.

SQL> 
SQL> -- NON viene creato idx_asset_criticita.
SQL> -- Motivo: criticita ha un dominio di soli quattro valori e il dataset
SQL> -- dimostrativo è piccolo; un B-tree dedicato avrebbe selettività limitata.
SQL> -- La decisione evita un indice poco giustificato e il relativo costo
SQL> -- aggiuntivo in spazio e operazioni di scrittura.
SQL> PROMPT === VERIFICA TABELLE: ATTESE 13 ===
=== VERIFICA TABELLE: ATTESE 13 ===
SQL> SELECT COUNT(*) AS tabelle_progetto
  2  FROM user_tables
  3  WHERE table_name IN (
  4      'ORGANIZZAZIONI', 'FORNITORI', 'ASSET', 'SERVIZI',
  5      'RESPONSABILI', 'PUNTI_CONTATTO', 'ASSET_SERVIZI',
  6      'SERVIZI_FORNITORI', 'ASSET_RESPONSABILI',
  7      'SERVIZI_RESPONSABILI', 'DIPENDENZE',
  8      'STORICO_ASSET', 'STORICO_SERVIZI'
  9  );

   TABELLE_PROGETTO 
___________________ 
                 13 

1 row selected. 

SQL> PROMPT === VERIFICA VINCOLI NOMINATI: ATTESI 47 ===
=== VERIFICA VINCOLI NOMINATI: ATTESI 47 ===
SQL> SELECT COUNT(*) AS vincoli_nominati
  2  FROM user_constraints
  3  WHERE constraint_name NOT LIKE 'SYS_%'
  4    AND table_name IN (
  5        'ORGANIZZAZIONI', 'FORNITORI', 'ASSET', 'SERVIZI',
  6        'RESPONSABILI', 'PUNTI_CONTATTO', 'ASSET_SERVIZI',
  7        'SERVIZI_FORNITORI', 'ASSET_RESPONSABILI',
  8        'SERVIZI_RESPONSABILI', 'DIPENDENZE',
  9        'STORICO_ASSET', 'STORICO_SERVIZI'
 10    );

   VINCOLI_NOMINATI 
___________________ 
                 47 

1 row selected. 

SQL> PROMPT === VERIFICA VINCOLI NON ABILITATI: ATTESI ZERO ===
=== VERIFICA VINCOLI NON ABILITATI: ATTESI ZERO ===
SQL> SELECT COUNT(*) AS vincoli_non_enabled
  2  FROM user_constraints
  3  WHERE table_name IN (
  4      'ORGANIZZAZIONI', 'FORNITORI', 'ASSET', 'SERVIZI',
  5      'RESPONSABILI', 'PUNTI_CONTATTO', 'ASSET_SERVIZI',
  6      'SERVIZI_FORNITORI', 'ASSET_RESPONSABILI',
  7      'SERVIZI_RESPONSABILI', 'DIPENDENZE',
  8      'STORICO_ASSET', 'STORICO_SERVIZI'
  9  )
 10  AND status <> 'ENABLED';

   VINCOLI_NON_ENABLED 
______________________ 
                     0 

1 row selected. 

SQL> PROMPT === VERIFICA INDICI AGGIUNTIVI ===
=== VERIFICA INDICI AGGIUNTIVI ===
SQL> SELECT index_name, table_name, status
  2  FROM user_indexes
  3  WHERE index_name IN (
  4      'IDX_ASSET_SERVIZI_SERVIZIO',
  5      'IDX_ASSET_RESP_RESPONSABILE',
  6      'IDX_SERVIZI_RESP_RESPONSABILE'
  7  )
  8  ORDER BY index_name;

INDEX_NAME                       TABLE_NAME              STATUS    
________________________________ _______________________ _________ 
IDX_ASSET_RESP_RESPONSABILE      ASSET_RESPONSABILI      VALID     
IDX_ASSET_SERVIZI_SERVIZIO       ASSET_SERVIZI           VALID     
IDX_SERVIZI_RESP_RESPONSABILE    SERVIZI_RESPONSABILI    VALID     

3 rows selected. 

SQL> SPOOL OFF
